{
  "activity_id": 1,
  "activity_name": "Create",
  "category_uid": 2,
  "category_name": "Findings",
  "class_uid": 2004,
  "class_name": "Detection Finding",
  "type_uid": 200401,
  "type_name": "Detection Finding: Create",
  "time": 1788369497000,
  "timezone_offset": 420,
  "severity_id": 4,
  "severity": "High",
  "status_id": 1,
  "status": "New",
  "is_alert": true,
  "action_id": 2,
  "action": "Denied",
  "disposition_id": 2,
  "disposition": "Blocked",
  "message": "Suspicious PowerShell execution detected on endpoint",
  "metadata": {
    "version": "1.8.0",
    "uid": "sangfor-df-20260903-001817-001",
    "profiles": [
      "security_control"
    ],
    "event_code": "1003",
    "log_format": "CEF",
    "log_source": "[LOG_COLLECTOR_01] logs[6124]",
    "original_time": "2026-09-03T00:18:17+07:00",
    "product": {
      "vendor_name": "Sangfor",
      "name": "Endpoint Secure",
      "version": "6.0.4",
      "feature": {
        "name": "Suspicious Process Execution"
      }
    }
  },
  "finding_info": {
    "uid": "sangfor-finding-1003-20260903-001817-001",
    "title": "Suspicious Process Execution",
    "desc": "Sangfor Endpoint Secure detected powershell.exe being executed by winword.exe. The security control blocked the activity.",
    "created_time": 1788369497000,
    "first_seen_time": 1788369497000,
    "last_seen_time": 1788369497000,
    "analytic": {
      "uid": "sangfor:1003",
      "name": "Suspicious Process Execution",
      "type_id": 2,
      "type": "Behavioral",
      "version": "6.0.4"
    }
  },
  "device": {
    "hostname": "[HOST_01]",
    "ip": "[INT_IP_01]",
    "type_id": 2,
    "type": "Desktop",
    "os": {
      "name": "Windows 11",
      "type_id": 100,
      "type": "Windows",
      "version": "11"
    },
    "agent_list": [
      {
        "uid": "[AGENT_01]",
        "name": "Sangfor Endpoint Secure Agent",
        "vendor_name": "Sangfor",
        "version": "6.0.4",
        "type_id": 1,
        "type": "Endpoint Detection and Response"
      }
    ]
  },
  "evidences": [
    {
      "uid": "sangfor-evidence-20260903-001817-001",
      "name": "Process execution evidence",
      "verdict_id": 4,
      "verdict": "Suspicious",
      "device": {
        "hostname": "[HOST_01]",
        "ip": "[INT_IP_01]",
        "type_id": 2,
        "type": "Desktop"
      },
      "user": {
        "name": "[USER_01]",
        "type_id": 1,
        "type": "User"
      },
      "process": {
        "uid": "normalized-process-20260903-001817-001",
        "name": "powershell.exe",
        "parent_process": {
          "uid": "normalized-parent-process-20260903-001817-001",
          "name": "winword.exe"
        }
      }
    }
  ]
}